// Jest Snapshot v1, https://goo.gl/fbAQLP

exports[`Play-Verify 1`] = `
"Now Playing: Sample Game by Lars
Type :quit to exit the game.

Hello, world!

You just said hey there!.

You've said 1 in total.
Here's a random string for you: AnckGshxhi

You just said foo.
Recently, you said hey there!.
You've said 2 in total.
Here's a random string for you: bIIvZNNnOJ

You just said asdfjf.
Recently, you said foo and hey there!
You've said 3 in total.
Here's a random string for you: nckGshxhiU
"
`;
